{
  "runtimeOptions": {
    "additionalProbingPaths": [
      "/Users/gingerwilliams/.dotnet/store/|arch|/|tfm|",
      "/Users/gingerwilliams/.nuget/packages",
      "/usr/local/share/dotnet/sdk/NuGetFallbackFolder"
    ]
  }
}