/Users/gingerwilliams/source/dotnetDemo/golden/library/bin/Debug/netstandard2.0/library.deps.json
/Users/gingerwilliams/source/dotnetDemo/golden/library/bin/Debug/netstandard2.0/library.dll
/Users/gingerwilliams/source/dotnetDemo/golden/library/bin/Debug/netstandard2.0/library.pdb
/Users/gingerwilliams/source/dotnetDemo/golden/library/obj/Debug/netstandard2.0/library.csproj.CoreCompileInputs.cache
/Users/gingerwilliams/source/dotnetDemo/golden/library/obj/Debug/netstandard2.0/library.AssemblyInfoInputs.cache
/Users/gingerwilliams/source/dotnetDemo/golden/library/obj/Debug/netstandard2.0/library.AssemblyInfo.cs
/Users/gingerwilliams/source/dotnetDemo/golden/library/obj/Debug/netstandard2.0/library.dll
/Users/gingerwilliams/source/dotnetDemo/golden/library/obj/Debug/netstandard2.0/library.pdb
/Users/gingerwilliams/source/dotnetDemo/golden/library/obj/Debug/netstandard2.0/library.csprojResolveAssemblyReference.cache
