{
  "ProjectFilePath": "/Users/gingerwilliams/source/dotnetDemo/golden/library/library.csproj",
  "TargetFramework": "netstandard2.0",
  "TagHelpers": [],
  "Configuration": {
    "ConfigurationName": "UnsupportedRazor",
    "LanguageVersion": "1.0",
    "Extensions": [
      {
        "ExtensionName": "UnsupportedRazorExtension"
      }
    ]
  }
}